import "std.list" as list

type Tree = Leaf | Node(Int, Tree, Tree)

fn insert(t :: Tree, n :: Int) -> Tree
  examples {
    insert(Leaf, 5) => Node(5, Leaf, Leaf),
    insert(Node(10, Leaf, Leaf), 3) => Node(10, Node(3, Leaf, Leaf), Leaf),
    insert(Node(10, Leaf, Leaf), 15) => Node(10, Leaf, Node(15, Leaf, Leaf)),
  }
{ match t {
      Leaf => Node(n, Leaf, Leaf),
      Node(key, left, right) =>
        if n < key {
          Node(key, insert(left, n), right)
        } else {
          Node(key, left, insert(right, n))
        }
    }
}

fn contains(t :: Tree, n :: Int) -> Bool
  examples {
    contains(Leaf, 5) => false,
    contains(Node(5, Leaf, Leaf), 5) => true,
    contains(Node(10, Node(5, Leaf, Leaf), Leaf), 5) => true,
    contains(Node(10, Node(5, Leaf, Leaf), Leaf), 7) => false,
  }
{ match t {
      Leaf => false,
      Node(key, left, right) =>
        if n == key {
          true
        } else if n < key {
          contains(left, n)
        } else {
          contains(right, n)
        }
    }
}

fn to_sorted_list(t :: Tree) -> List[Int]
  examples {
    to_sorted_list(Leaf) => List.nil,
    to_sorted_list(Node(5, Leaf, Leaf)) => List.of(5),
    to_sorted_list(Node(5, Node(3, Leaf, Leaf), Node(7, Leaf, Leaf))) => List.of(3,5,7),
  }
{ match t {
      Leaf => List.nil,
      Node(key, left, right) =>
        list.concat( to_sorted_list(left), list.concat( List.of(key), to_sorted_list(right) ) )
    }
}
null
