
[tool: write][running: write][ok]The implementation is complete and type-checks successfully. Here's what was written to `json.lex`:

### Key Features:
1. **`Val` Type**:
   - Covers all JSON-like values: `VNull`, `VBool(Bool)`, `VNum(Int)`, `VStr(Str)`, `VArr(List[Val])`, and `VObj(List[(Str, Val)])`.

2. **`stringify` Function**:
   - Converts `Val` to its JSON string representation.
   - Handles escaping for strings (`\"hi\"` becomes `"\"hi\""`).
   - Uses `list.fold` to build comma-separated lists for arrays and objects.
   - Examples cover all variants and nested structures.

3. **`get` Function**:
   - Retrieves a value from a `VObj` by key, returning `Option[Val]`.
   - Uses `list.fold` to search the list of key-value pairs.
   - Returns `None` for non-object values or missing keys.

4. **Strict Lex Compliance**:
   - No `else if` (nested `else { if ... }` used instead).
   - Pure functions (no effect annotations).
   - Exhaustive `match` expressions.
   - Immutable `let` bindings.

### Example Outputs:
```lex
stringify(VObj([("a", VStr("b")), ("c", VBool(true))]))
# => "{\"a\": \"b\", \"c\": true}"

get(VObj([("x", VNum(1))]), "x")
# => Some(VNum(1))
```

The file is ready for use. You can test it further with `lex_run` or `lex_test` if needed.
null
