
[tool: write][running: write][error]I'll fix the code by moving the helper functions to the top level. Here's the corrected version:
[tool: write][running: write][error]The error indicates that `list.equal` is not a valid function in the `std.list` module. In Lex, list equality is checked using the `==` operator directly. I'll fix this and rewrite the file.
[tool: write][running: write][ok]The run-length encoding implementation is now complete and type-checked. Here's what was accomplished:

### File: `rle.lex`
```lex
import "std.list" as list
import "std.int"  as int

# Run-length encoding segment: (count, value)
type Run = Segment(Int, Int)

# Helper function to encode a list starting with a current value and count
fn encode_helper(xs :: List[Int], current :: Int, count :: Int) -> List[Run] {
  if list.is_empty(xs) {
    [Segment(count, current)]
  } else {
    let h := match list.head(xs) { Some(v) => v, None => current }
    let t := list.tail(xs)
    if h == current {
      encode_helper(t, current, count + 1)
    } else {
      list.cons(Segment(count, current), encode_helper(t, h, 1))
    }
  }
}

# Helper function to expand a single Run into a list of values
fn expand_run(run :: Run) -> List[Int] {
  match run {
    Segment(count, value) => {
      if count <= 0 {
        []
      } else {
        list.cons(value, expand_run(Segment(count - 1, value)))
      }
    }
  }
}

# Encode a list of integers into a list of Run segments
fn encode(xs :: List[Int]) -> List[Run]
  examples {
    encode([])                     => [],
    encode([1])                    => [Segment(1, 1)],
    encode([1, 1, 2, 2, 2, 3])     => [Segment(2, 1), Segment(3, 2), Segment(1, 3)],
    encode([5, 5, 5, 5, 5])         => [Segment(5, 5)],
    encode([1, 2, 3, 4, 5])         => [Segment(1, 1), Segment(1, 2), Segment(1, 3), Segment(1, 4), Segment(1, 5)],
  }
{
  if list.is_empty(xs) {
    []
  } else {
    let h := match list.head(xs) { Some(v) => v, None => 0 }
    let t := list.tail(xs)
    encode_helper(t, h, 1)
  }
}

# Decode a list of Run segments back into a list of integers
fn decode(runs :: List[Run]) -> List[Int]
  examples {
    decode([])                              => [],
    decode([Segment(1, 1)])                  => [1],
    decode([Segment(2, 1), Segment(3, 2)])   => [1, 1, 2, 2, 2],
    decode([Segment(5, 5)])                  => [5, 5, 5, 5, 5],
    decode([Segment(1, 1), Segment(1, 2)])   => [1, 2],
  }
{
  list.fold(runs, [], fn (acc :: List[Int], run :: Run) -> List[Int] {
    list.concat(acc, expand_run(run))
  })
}

# Verify that decode(encode(xs)) == xs for any list xs
fn roundtrip(xs :: List[Int]) -> Bool
  examples {
    roundtrip([])                     => true,
    roundtrip([1])                    => true,
    roundtrip([1, 1, 2, 2, 2, 3])     => true,
    roundtrip([5, 5, 5, 5, 5])         => true,
    roundtrip([1, 2, 3, 4, 5])         => true,
  }
{
  let encoded := encode(xs)
  let decoded := decode(encoded)
  xs == decoded
}
```

### Key Features:
1. **Pure Functions**: All functions are pure and explicitly typed.
2. **Examples Blocks**: Each function includes an `examples` block for regression testing.
3. **No `else if`**: Nested `if/else` is used instead of `else if`.
4. **Helper Functions**: Extracted to the top level to comply with Lex's rules.
5. **List Equality**: Direct `==` comparison is used for lists, as Lex supports structural equality.

You can now test the functions using `lex run rle.lex encode`, `lex run rle.lex decode`, or `lex run rle.lex roundtrip`. The `lex_test` command will also verify all examples.
null
